current directory: /Users/stsessions/dev/verademos/verademo-rails-api/vendor/bundle/ruby/4.0.0/gems/puma-5.6.9/ext/puma_http11
/opt/homebrew/opt/ruby/bin/ruby extconf.rb
checking for pkg-config for openssl... ["-I/opt/homebrew/Cellar/openssl@3/3.6.2/include ", "-L/opt/homebrew/Cellar/openssl@3/3.6.2/lib", "-lssl -lcrypto"]
using OpenSSL pkgconfig (openssl.pc)
checking for openssl/bio.h... yes
checking for DTLS_method() in openssl/ssl.h... yes
checking for TLS_server_method() in openssl/ssl.h... yes
checking for SSL_CTX_set_min_proto_version(NULL, 0) in openssl/ssl.h... yes
checking for X509_STORE_up_ref()... yes
checking for SSL_CTX_set_ecdh_auto(NULL, 0) in openssl/ssl.h... yes
checking for SSL_CTX_set_dh_auto(NULL, 0) in openssl/ssl.h... yes
checking for SSL_get1_peer_certificate() in openssl/ssl.h... yes
checking for Random.bytes... yes
creating Makefile

current directory: /Users/stsessions/dev/verademos/verademo-rails-api/vendor/bundle/ruby/4.0.0/gems/puma-5.6.9/ext/puma_http11
make DESTDIR\= sitearchdir\=./.gem.20260708-52476-7zqs3o sitelibdir\=./.gem.20260708-52476-7zqs3o clean

current directory: /Users/stsessions/dev/verademos/verademo-rails-api/vendor/bundle/ruby/4.0.0/gems/puma-5.6.9/ext/puma_http11
make DESTDIR\= sitearchdir\=./.gem.20260708-52476-7zqs3o sitelibdir\=./.gem.20260708-52476-7zqs3o
compiling http11_parser.c
compiling mini_ssl.c
compiling puma_http11.c
linking shared-object puma/puma_http11.bundle

current directory: /Users/stsessions/dev/verademos/verademo-rails-api/vendor/bundle/ruby/4.0.0/gems/puma-5.6.9/ext/puma_http11
make DESTDIR\= sitearchdir\=./.gem.20260708-52476-7zqs3o sitelibdir\=./.gem.20260708-52476-7zqs3o install
/usr/bin/install -c -m 0755 puma_http11.bundle ./.gem.20260708-52476-7zqs3o/puma

current directory: /Users/stsessions/dev/verademos/verademo-rails-api/vendor/bundle/ruby/4.0.0/gems/puma-5.6.9/ext/puma_http11
make DESTDIR\= sitearchdir\=./.gem.20260708-52476-7zqs3o sitelibdir\=./.gem.20260708-52476-7zqs3o clean
