pkg_config: checking for pkg-config for openssl... -------------------- ["-I/opt/homebrew/Cellar/openssl@3/3.6.2/include ", "-L/opt/homebrew/Cellar/openssl@3/3.6.2/lib", "-lssl -lcrypto"]

DYLD_LIBRARY_PATH=.:/opt/homebrew/Cellar/ruby/4.0.5/lib LSAN_OPTIONS=detect_leaks=0 pkg-config --exists openssl
DYLD_LIBRARY_PATH=.:/opt/homebrew/Cellar/ruby/4.0.5/lib LSAN_OPTIONS=detect_leaks=0 pkg-config --libs openssl |
=> "-L/opt/homebrew/Cellar/openssl@3/3.6.2/lib -lssl -lcrypto\n"
DYLD_LIBRARY_PATH=.:/opt/homebrew/Cellar/ruby/4.0.5/lib LSAN_OPTIONS=detect_leaks=0 "clang -o conftest -I/opt/homebrew/Cellar/ruby/4.0.5/include/ruby-4.0.0/arm64-darwin24 -I/opt/homebrew/Cellar/ruby/4.0.5/include/ruby-4.0.0/ruby/backward -I/opt/homebrew/Cellar/ruby/4.0.5/include/ruby-4.0.0 -I. -I/opt/homebrew/opt/libyaml/include -I/opt/homebrew/opt/openssl@3/include -D_XOPEN_SOURCE -D_DARWIN_C_SOURCE -D_DARWIN_UNLIMITED_SELECT -D_REENTRANT   -fstack-protector-strong -U_FORTIFY_SOURCE -D_FORTIFY_SOURCE=2 -fdeclspec  -O3 -fno-fast-math -ggdb3 -Wall -Wextra -Wextra-tokens -Wdeprecated-declarations -Wdivision-by-zero -Wdiv-by-zero -Wimplicit-function-declaration -Wimplicit-int -Wpointer-arith -Wshorten-64-to-32 -Wwrite-strings -Wold-style-definition -Wmissing-noreturn -Wno-cast-function-type -Wno-constant-logical-operand -Wno-long-long -Wno-missing-field-initializers -Wno-overlength-strings -Wno-parentheses-equality -Wno-self-assign -Wno-tautological-compare -Wno-unused-parameter -Wno-unused-value -Wunused-variable -Wmisleading-indentation -Wundef -fno-common -pipe conftest.c -L. -L/opt/homebrew/Cellar/ruby/4.0.5/lib -L/opt/homebrew/opt/libyaml/lib -L/opt/homebrew/opt/openssl@3/lib -L. -fstack-protector-strong -L/opt/homebrew/Cellar/libyaml/0.2.5/lib -L/opt/homebrew/Cellar/openssl@3/3.6.2/lib  -arch arm64   -lruby.4.0  -lpthread  "
checked program was:
/* begin */
1: #include "ruby.h"
2: 
3: int main(int argc, char **argv)
4: {
5:   return !!argv[argc];
6: }
/* end */

DYLD_LIBRARY_PATH=.:/opt/homebrew/Cellar/ruby/4.0.5/lib LSAN_OPTIONS=detect_leaks=0 "clang -o conftest -I/opt/homebrew/Cellar/ruby/4.0.5/include/ruby-4.0.0/arm64-darwin24 -I/opt/homebrew/Cellar/ruby/4.0.5/include/ruby-4.0.0/ruby/backward -I/opt/homebrew/Cellar/ruby/4.0.5/include/ruby-4.0.0 -I. -I/opt/homebrew/opt/libyaml/include -I/opt/homebrew/opt/openssl@3/include -D_XOPEN_SOURCE -D_DARWIN_C_SOURCE -D_DARWIN_UNLIMITED_SELECT -D_REENTRANT   -fstack-protector-strong -U_FORTIFY_SOURCE -D_FORTIFY_SOURCE=2 -fdeclspec  -O3 -fno-fast-math -ggdb3 -Wall -Wextra -Wextra-tokens -Wdeprecated-declarations -Wdivision-by-zero -Wdiv-by-zero -Wimplicit-function-declaration -Wimplicit-int -Wpointer-arith -Wshorten-64-to-32 -Wwrite-strings -Wold-style-definition -Wmissing-noreturn -Wno-cast-function-type -Wno-constant-logical-operand -Wno-long-long -Wno-missing-field-initializers -Wno-overlength-strings -Wno-parentheses-equality -Wno-self-assign -Wno-tautological-compare -Wno-unused-parameter -Wno-unused-value -Wunused-variable -Wmisleading-indentation -Wundef -fno-common -pipe conftest.c -L. -L/opt/homebrew/Cellar/ruby/4.0.5/lib -L/opt/homebrew/opt/libyaml/lib -L/opt/homebrew/opt/openssl@3/lib -L. -fstack-protector-strong -L/opt/homebrew/Cellar/libyaml/0.2.5/lib -L/opt/homebrew/Cellar/openssl@3/3.6.2/lib -L/opt/homebrew/Cellar/openssl@3/3.6.2/lib -lssl -lcrypto -arch arm64   -lruby.4.0  -lpthread  "
checked program was:
/* begin */
1: #include "ruby.h"
2: 
3: int main(int argc, char **argv)
4: {
5:   return !!argv[argc];
6: }
/* end */

DYLD_LIBRARY_PATH=.:/opt/homebrew/Cellar/ruby/4.0.5/lib LSAN_OPTIONS=detect_leaks=0 pkg-config --cflags-only-I openssl |
=> "-I/opt/homebrew/Cellar/openssl@3/3.6.2/include\n"
DYLD_LIBRARY_PATH=.:/opt/homebrew/Cellar/ruby/4.0.5/lib LSAN_OPTIONS=detect_leaks=0 pkg-config --cflags-only-other openssl |
=> "\n"
DYLD_LIBRARY_PATH=.:/opt/homebrew/Cellar/ruby/4.0.5/lib LSAN_OPTIONS=detect_leaks=0 pkg-config --libs-only-l openssl |
=> "-lssl -lcrypto\n"
package configuration for openssl
incflags: -I/opt/homebrew/Cellar/openssl@3/3.6.2/include
cflags: 
ldflags: -L/opt/homebrew/Cellar/openssl@3/3.6.2/lib
libs: -lssl -lcrypto

--------------------

have_header: checking for openssl/bio.h... -------------------- yes

DYLD_LIBRARY_PATH=.:/opt/homebrew/Cellar/ruby/4.0.5/lib LSAN_OPTIONS=detect_leaks=0 "clang -I/opt/homebrew/Cellar/ruby/4.0.5/include/ruby-4.0.0/arm64-darwin24 -I/opt/homebrew/Cellar/ruby/4.0.5/include/ruby-4.0.0/ruby/backward -I/opt/homebrew/Cellar/ruby/4.0.5/include/ruby-4.0.0 -I. -I/opt/homebrew/Cellar/openssl@3/3.6.2/include -I/opt/homebrew/opt/libyaml/include -I/opt/homebrew/opt/openssl@3/include -D_XOPEN_SOURCE -D_DARWIN_C_SOURCE -D_DARWIN_UNLIMITED_SELECT -D_REENTRANT   -fstack-protector-strong -U_FORTIFY_SOURCE -D_FORTIFY_SOURCE=2 -fdeclspec  -O3 -fno-fast-math -ggdb3 -Wall -Wextra -Wextra-tokens -Wdeprecated-declarations -Wdivision-by-zero -Wdiv-by-zero -Wimplicit-function-declaration -Wimplicit-int -Wpointer-arith -Wshorten-64-to-32 -Wwrite-strings -Wold-style-definition -Wmissing-noreturn -Wno-cast-function-type -Wno-constant-logical-operand -Wno-long-long -Wno-missing-field-initializers -Wno-overlength-strings -Wno-parentheses-equality -Wno-self-assign -Wno-tautological-compare -Wno-unused-parameter -Wno-unused-value -Wunused-variable -Wmisleading-indentation -Wundef -fno-common -pipe  -arch arm64  -c conftest.c"
checked program was:
/* begin */
1: #include "ruby.h"
2: 
3: #include <openssl/bio.h>
/* end */

--------------------

have_func: checking for DTLS_method() in openssl/ssl.h... -------------------- yes

DYLD_LIBRARY_PATH=.:/opt/homebrew/Cellar/ruby/4.0.5/lib LSAN_OPTIONS=detect_leaks=0 "clang -o conftest -I/opt/homebrew/Cellar/ruby/4.0.5/include/ruby-4.0.0/arm64-darwin24 -I/opt/homebrew/Cellar/ruby/4.0.5/include/ruby-4.0.0/ruby/backward -I/opt/homebrew/Cellar/ruby/4.0.5/include/ruby-4.0.0 -I. -I/opt/homebrew/Cellar/openssl@3/3.6.2/include -I/opt/homebrew/opt/libyaml/include -I/opt/homebrew/opt/openssl@3/include -D_XOPEN_SOURCE -D_DARWIN_C_SOURCE -D_DARWIN_UNLIMITED_SELECT -D_REENTRANT   -fstack-protector-strong -U_FORTIFY_SOURCE -D_FORTIFY_SOURCE=2 -fdeclspec  -O3 -fno-fast-math -ggdb3 -Wall -Wextra -Wextra-tokens -Wdeprecated-declarations -Wdivision-by-zero -Wdiv-by-zero -Wimplicit-function-declaration -Wimplicit-int -Wpointer-arith -Wshorten-64-to-32 -Wwrite-strings -Wold-style-definition -Wmissing-noreturn -Wno-cast-function-type -Wno-constant-logical-operand -Wno-long-long -Wno-missing-field-initializers -Wno-overlength-strings -Wno-parentheses-equality -Wno-self-assign -Wno-tautological-compare -Wno-unused-parameter -Wno-unused-value -Wunused-variable -Wmisleading-indentation -Wundef -fno-common -pipe  conftest.c -L. -L/opt/homebrew/Cellar/ruby/4.0.5/lib -L/opt/homebrew/opt/libyaml/lib -L/opt/homebrew/opt/openssl@3/lib -L. -fstack-protector-strong -L/opt/homebrew/Cellar/libyaml/0.2.5/lib -L/opt/homebrew/Cellar/openssl@3/3.6.2/lib -L/opt/homebrew/Cellar/openssl@3/3.6.2/lib  -arch arm64   -lssl -lcrypto -lruby.4.0  -lssl -lcrypto -lpthread  "
ld: warning: ignoring duplicate libraries: '-lcrypto', '-lssl'
checked program was:
/* begin */
 1: #include "ruby.h"
 2: 
 3: #include <openssl/ssl.h>
 4: 
 5: /*top*/
 6: extern int t(void);
 7: int main(int argc, char **argv)
 8: {
 9:   if (argc > 1000000) {
10:     int (* volatile tp)(void)=(int (*)(void))&t;
11:     printf("%d", (*tp)());
12:   }
13: 
14:   return !!argv[argc];
15: }
16: int t(void) { void ((*volatile p)()); p = (void ((*)()))DTLS_method; return !p; }
/* end */

--------------------

have_func: checking for TLS_server_method() in openssl/ssl.h... -------------------- yes

DYLD_LIBRARY_PATH=.:/opt/homebrew/Cellar/ruby/4.0.5/lib LSAN_OPTIONS=detect_leaks=0 "clang -o conftest -I/opt/homebrew/Cellar/ruby/4.0.5/include/ruby-4.0.0/arm64-darwin24 -I/opt/homebrew/Cellar/ruby/4.0.5/include/ruby-4.0.0/ruby/backward -I/opt/homebrew/Cellar/ruby/4.0.5/include/ruby-4.0.0 -I. -I/opt/homebrew/Cellar/openssl@3/3.6.2/include -I/opt/homebrew/opt/libyaml/include -I/opt/homebrew/opt/openssl@3/include -D_XOPEN_SOURCE -D_DARWIN_C_SOURCE -D_DARWIN_UNLIMITED_SELECT -D_REENTRANT   -fstack-protector-strong -U_FORTIFY_SOURCE -D_FORTIFY_SOURCE=2 -fdeclspec  -O3 -fno-fast-math -ggdb3 -Wall -Wextra -Wextra-tokens -Wdeprecated-declarations -Wdivision-by-zero -Wdiv-by-zero -Wimplicit-function-declaration -Wimplicit-int -Wpointer-arith -Wshorten-64-to-32 -Wwrite-strings -Wold-style-definition -Wmissing-noreturn -Wno-cast-function-type -Wno-constant-logical-operand -Wno-long-long -Wno-missing-field-initializers -Wno-overlength-strings -Wno-parentheses-equality -Wno-self-assign -Wno-tautological-compare -Wno-unused-parameter -Wno-unused-value -Wunused-variable -Wmisleading-indentation -Wundef -fno-common -pipe  conftest.c -L. -L/opt/homebrew/Cellar/ruby/4.0.5/lib -L/opt/homebrew/opt/libyaml/lib -L/opt/homebrew/opt/openssl@3/lib -L. -fstack-protector-strong -L/opt/homebrew/Cellar/libyaml/0.2.5/lib -L/opt/homebrew/Cellar/openssl@3/3.6.2/lib -L/opt/homebrew/Cellar/openssl@3/3.6.2/lib  -arch arm64   -lssl -lcrypto -lruby.4.0  -lssl -lcrypto -lpthread  "
ld: warning: ignoring duplicate libraries: '-lcrypto', '-lssl'
checked program was:
/* begin */
 1: #include "ruby.h"
 2: 
 3: #include <openssl/ssl.h>
 4: 
 5: /*top*/
 6: extern int t(void);
 7: int main(int argc, char **argv)
 8: {
 9:   if (argc > 1000000) {
10:     int (* volatile tp)(void)=(int (*)(void))&t;
11:     printf("%d", (*tp)());
12:   }
13: 
14:   return !!argv[argc];
15: }
16: int t(void) { void ((*volatile p)()); p = (void ((*)()))TLS_server_method; return !p; }
/* end */

--------------------

have_func: checking for SSL_CTX_set_min_proto_version(NULL, 0) in openssl/ssl.h... -------------------- yes

DYLD_LIBRARY_PATH=.:/opt/homebrew/Cellar/ruby/4.0.5/lib LSAN_OPTIONS=detect_leaks=0 "clang -o conftest -I/opt/homebrew/Cellar/ruby/4.0.5/include/ruby-4.0.0/arm64-darwin24 -I/opt/homebrew/Cellar/ruby/4.0.5/include/ruby-4.0.0/ruby/backward -I/opt/homebrew/Cellar/ruby/4.0.5/include/ruby-4.0.0 -I. -I/opt/homebrew/Cellar/openssl@3/3.6.2/include -I/opt/homebrew/opt/libyaml/include -I/opt/homebrew/opt/openssl@3/include -D_XOPEN_SOURCE -D_DARWIN_C_SOURCE -D_DARWIN_UNLIMITED_SELECT -D_REENTRANT   -fstack-protector-strong -U_FORTIFY_SOURCE -D_FORTIFY_SOURCE=2 -fdeclspec  -O3 -fno-fast-math -ggdb3 -Wall -Wextra -Wextra-tokens -Wdeprecated-declarations -Wdivision-by-zero -Wdiv-by-zero -Wimplicit-function-declaration -Wimplicit-int -Wpointer-arith -Wshorten-64-to-32 -Wwrite-strings -Wold-style-definition -Wmissing-noreturn -Wno-cast-function-type -Wno-constant-logical-operand -Wno-long-long -Wno-missing-field-initializers -Wno-overlength-strings -Wno-parentheses-equality -Wno-self-assign -Wno-tautological-compare -Wno-unused-parameter -Wno-unused-value -Wunused-variable -Wmisleading-indentation -Wundef -fno-common -pipe  conftest.c -L. -L/opt/homebrew/Cellar/ruby/4.0.5/lib -L/opt/homebrew/opt/libyaml/lib -L/opt/homebrew/opt/openssl@3/lib -L. -fstack-protector-strong -L/opt/homebrew/Cellar/libyaml/0.2.5/lib -L/opt/homebrew/Cellar/openssl@3/3.6.2/lib -L/opt/homebrew/Cellar/openssl@3/3.6.2/lib  -arch arm64   -lssl -lcrypto -lruby.4.0  -lssl -lcrypto -lpthread  "
ld: warning: ignoring duplicate libraries: '-lcrypto', '-lssl'
checked program was:
/* begin */
 1: #include "ruby.h"
 2: 
 3: #include <openssl/ssl.h>
 4: 
 5: /*top*/
 6: extern int t(void);
 7: int main(int argc, char **argv)
 8: {
 9:   if (argc > 1000000) {
10:     int (* volatile tp)(void)=(int (*)(void))&t;
11:     printf("%d", (*tp)());
12:   }
13: 
14:   return !!argv[argc];
15: }
16: 
17: int t(void) { SSL_CTX_set_min_proto_version(NULL, 0); return 0; }
/* end */

--------------------

have_func: checking for X509_STORE_up_ref()... -------------------- yes

DYLD_LIBRARY_PATH=.:/opt/homebrew/Cellar/ruby/4.0.5/lib LSAN_OPTIONS=detect_leaks=0 "clang -o conftest -I/opt/homebrew/Cellar/ruby/4.0.5/include/ruby-4.0.0/arm64-darwin24 -I/opt/homebrew/Cellar/ruby/4.0.5/include/ruby-4.0.0/ruby/backward -I/opt/homebrew/Cellar/ruby/4.0.5/include/ruby-4.0.0 -I. -I/opt/homebrew/Cellar/openssl@3/3.6.2/include -I/opt/homebrew/opt/libyaml/include -I/opt/homebrew/opt/openssl@3/include -D_XOPEN_SOURCE -D_DARWIN_C_SOURCE -D_DARWIN_UNLIMITED_SELECT -D_REENTRANT   -fstack-protector-strong -U_FORTIFY_SOURCE -D_FORTIFY_SOURCE=2 -fdeclspec  -O3 -fno-fast-math -ggdb3 -Wall -Wextra -Wextra-tokens -Wdeprecated-declarations -Wdivision-by-zero -Wdiv-by-zero -Wimplicit-function-declaration -Wimplicit-int -Wpointer-arith -Wshorten-64-to-32 -Wwrite-strings -Wold-style-definition -Wmissing-noreturn -Wno-cast-function-type -Wno-constant-logical-operand -Wno-long-long -Wno-missing-field-initializers -Wno-overlength-strings -Wno-parentheses-equality -Wno-self-assign -Wno-tautological-compare -Wno-unused-parameter -Wno-unused-value -Wunused-variable -Wmisleading-indentation -Wundef -fno-common -pipe  conftest.c -L. -L/opt/homebrew/Cellar/ruby/4.0.5/lib -L/opt/homebrew/opt/libyaml/lib -L/opt/homebrew/opt/openssl@3/lib -L. -fstack-protector-strong -L/opt/homebrew/Cellar/libyaml/0.2.5/lib -L/opt/homebrew/Cellar/openssl@3/3.6.2/lib -L/opt/homebrew/Cellar/openssl@3/3.6.2/lib  -arch arm64   -lssl -lcrypto -lruby.4.0  -lssl -lcrypto -lpthread  "
conftest.c:14:57: error: use of undeclared identifier 'X509_STORE_up_ref'
   14 | int t(void) { void ((*volatile p)()); p = (void ((*)()))X509_STORE_up_ref; return !p; }
      |                                                         ^
1 error generated.
checked program was:
/* begin */
 1: #include "ruby.h"
 2: 
 3: /*top*/
 4: extern int t(void);
 5: int main(int argc, char **argv)
 6: {
 7:   if (argc > 1000000) {
 8:     int (* volatile tp)(void)=(int (*)(void))&t;
 9:     printf("%d", (*tp)());
10:   }
11: 
12:   return !!argv[argc];
13: }
14: int t(void) { void ((*volatile p)()); p = (void ((*)()))X509_STORE_up_ref; return !p; }
/* end */

DYLD_LIBRARY_PATH=.:/opt/homebrew/Cellar/ruby/4.0.5/lib LSAN_OPTIONS=detect_leaks=0 "clang -o conftest -I/opt/homebrew/Cellar/ruby/4.0.5/include/ruby-4.0.0/arm64-darwin24 -I/opt/homebrew/Cellar/ruby/4.0.5/include/ruby-4.0.0/ruby/backward -I/opt/homebrew/Cellar/ruby/4.0.5/include/ruby-4.0.0 -I. -I/opt/homebrew/Cellar/openssl@3/3.6.2/include -I/opt/homebrew/opt/libyaml/include -I/opt/homebrew/opt/openssl@3/include -D_XOPEN_SOURCE -D_DARWIN_C_SOURCE -D_DARWIN_UNLIMITED_SELECT -D_REENTRANT   -fstack-protector-strong -U_FORTIFY_SOURCE -D_FORTIFY_SOURCE=2 -fdeclspec  -O3 -fno-fast-math -ggdb3 -Wall -Wextra -Wextra-tokens -Wdeprecated-declarations -Wdivision-by-zero -Wdiv-by-zero -Wimplicit-function-declaration -Wimplicit-int -Wpointer-arith -Wshorten-64-to-32 -Wwrite-strings -Wold-style-definition -Wmissing-noreturn -Wno-cast-function-type -Wno-constant-logical-operand -Wno-long-long -Wno-missing-field-initializers -Wno-overlength-strings -Wno-parentheses-equality -Wno-self-assign -Wno-tautological-compare -Wno-unused-parameter -Wno-unused-value -Wunused-variable -Wmisleading-indentation -Wundef -fno-common -pipe  conftest.c -L. -L/opt/homebrew/Cellar/ruby/4.0.5/lib -L/opt/homebrew/opt/libyaml/lib -L/opt/homebrew/opt/openssl@3/lib -L. -fstack-protector-strong -L/opt/homebrew/Cellar/libyaml/0.2.5/lib -L/opt/homebrew/Cellar/openssl@3/3.6.2/lib -L/opt/homebrew/Cellar/openssl@3/3.6.2/lib  -arch arm64   -lssl -lcrypto -lruby.4.0  -lssl -lcrypto -lpthread  "
ld: warning: ignoring duplicate libraries: '-lcrypto', '-lssl'
checked program was:
/* begin */
 1: #include "ruby.h"
 2: 
 3: /*top*/
 4: extern int t(void);
 5: int main(int argc, char **argv)
 6: {
 7:   if (argc > 1000000) {
 8:     int (* volatile tp)(void)=(int (*)(void))&t;
 9:     printf("%d", (*tp)());
10:   }
11: 
12:   return !!argv[argc];
13: }
14: extern void X509_STORE_up_ref();
15: int t(void) { X509_STORE_up_ref(); return 0; }
/* end */

--------------------

have_func: checking for SSL_CTX_set_ecdh_auto(NULL, 0) in openssl/ssl.h... -------------------- yes

DYLD_LIBRARY_PATH=.:/opt/homebrew/Cellar/ruby/4.0.5/lib LSAN_OPTIONS=detect_leaks=0 "clang -o conftest -I/opt/homebrew/Cellar/ruby/4.0.5/include/ruby-4.0.0/arm64-darwin24 -I/opt/homebrew/Cellar/ruby/4.0.5/include/ruby-4.0.0/ruby/backward -I/opt/homebrew/Cellar/ruby/4.0.5/include/ruby-4.0.0 -I. -I/opt/homebrew/Cellar/openssl@3/3.6.2/include -I/opt/homebrew/opt/libyaml/include -I/opt/homebrew/opt/openssl@3/include -D_XOPEN_SOURCE -D_DARWIN_C_SOURCE -D_DARWIN_UNLIMITED_SELECT -D_REENTRANT   -fstack-protector-strong -U_FORTIFY_SOURCE -D_FORTIFY_SOURCE=2 -fdeclspec  -O3 -fno-fast-math -ggdb3 -Wall -Wextra -Wextra-tokens -Wdeprecated-declarations -Wdivision-by-zero -Wdiv-by-zero -Wimplicit-function-declaration -Wimplicit-int -Wpointer-arith -Wshorten-64-to-32 -Wwrite-strings -Wold-style-definition -Wmissing-noreturn -Wno-cast-function-type -Wno-constant-logical-operand -Wno-long-long -Wno-missing-field-initializers -Wno-overlength-strings -Wno-parentheses-equality -Wno-self-assign -Wno-tautological-compare -Wno-unused-parameter -Wno-unused-value -Wunused-variable -Wmisleading-indentation -Wundef -fno-common -pipe  conftest.c -L. -L/opt/homebrew/Cellar/ruby/4.0.5/lib -L/opt/homebrew/opt/libyaml/lib -L/opt/homebrew/opt/openssl@3/lib -L. -fstack-protector-strong -L/opt/homebrew/Cellar/libyaml/0.2.5/lib -L/opt/homebrew/Cellar/openssl@3/3.6.2/lib -L/opt/homebrew/Cellar/openssl@3/3.6.2/lib  -arch arm64   -lssl -lcrypto -lruby.4.0  -lssl -lcrypto -lpthread  "
ld: warning: ignoring duplicate libraries: '-lcrypto', '-lssl'
checked program was:
/* begin */
 1: #include "ruby.h"
 2: 
 3: #include <openssl/ssl.h>
 4: 
 5: /*top*/
 6: extern int t(void);
 7: int main(int argc, char **argv)
 8: {
 9:   if (argc > 1000000) {
10:     int (* volatile tp)(void)=(int (*)(void))&t;
11:     printf("%d", (*tp)());
12:   }
13: 
14:   return !!argv[argc];
15: }
16: 
17: int t(void) { SSL_CTX_set_ecdh_auto(NULL, 0); return 0; }
/* end */

--------------------

have_func: checking for SSL_CTX_set_dh_auto(NULL, 0) in openssl/ssl.h... -------------------- yes

DYLD_LIBRARY_PATH=.:/opt/homebrew/Cellar/ruby/4.0.5/lib LSAN_OPTIONS=detect_leaks=0 "clang -o conftest -I/opt/homebrew/Cellar/ruby/4.0.5/include/ruby-4.0.0/arm64-darwin24 -I/opt/homebrew/Cellar/ruby/4.0.5/include/ruby-4.0.0/ruby/backward -I/opt/homebrew/Cellar/ruby/4.0.5/include/ruby-4.0.0 -I. -I/opt/homebrew/Cellar/openssl@3/3.6.2/include -I/opt/homebrew/opt/libyaml/include -I/opt/homebrew/opt/openssl@3/include -D_XOPEN_SOURCE -D_DARWIN_C_SOURCE -D_DARWIN_UNLIMITED_SELECT -D_REENTRANT   -fstack-protector-strong -U_FORTIFY_SOURCE -D_FORTIFY_SOURCE=2 -fdeclspec  -O3 -fno-fast-math -ggdb3 -Wall -Wextra -Wextra-tokens -Wdeprecated-declarations -Wdivision-by-zero -Wdiv-by-zero -Wimplicit-function-declaration -Wimplicit-int -Wpointer-arith -Wshorten-64-to-32 -Wwrite-strings -Wold-style-definition -Wmissing-noreturn -Wno-cast-function-type -Wno-constant-logical-operand -Wno-long-long -Wno-missing-field-initializers -Wno-overlength-strings -Wno-parentheses-equality -Wno-self-assign -Wno-tautological-compare -Wno-unused-parameter -Wno-unused-value -Wunused-variable -Wmisleading-indentation -Wundef -fno-common -pipe  conftest.c -L. -L/opt/homebrew/Cellar/ruby/4.0.5/lib -L/opt/homebrew/opt/libyaml/lib -L/opt/homebrew/opt/openssl@3/lib -L. -fstack-protector-strong -L/opt/homebrew/Cellar/libyaml/0.2.5/lib -L/opt/homebrew/Cellar/openssl@3/3.6.2/lib -L/opt/homebrew/Cellar/openssl@3/3.6.2/lib  -arch arm64   -lssl -lcrypto -lruby.4.0  -lssl -lcrypto -lpthread  "
ld: warning: ignoring duplicate libraries: '-lcrypto', '-lssl'
checked program was:
/* begin */
 1: #include "ruby.h"
 2: 
 3: #include <openssl/ssl.h>
 4: 
 5: /*top*/
 6: extern int t(void);
 7: int main(int argc, char **argv)
 8: {
 9:   if (argc > 1000000) {
10:     int (* volatile tp)(void)=(int (*)(void))&t;
11:     printf("%d", (*tp)());
12:   }
13: 
14:   return !!argv[argc];
15: }
16: 
17: int t(void) { SSL_CTX_set_dh_auto(NULL, 0); return 0; }
/* end */

--------------------

have_func: checking for SSL_get1_peer_certificate() in openssl/ssl.h... -------------------- yes

DYLD_LIBRARY_PATH=.:/opt/homebrew/Cellar/ruby/4.0.5/lib LSAN_OPTIONS=detect_leaks=0 "clang -o conftest -I/opt/homebrew/Cellar/ruby/4.0.5/include/ruby-4.0.0/arm64-darwin24 -I/opt/homebrew/Cellar/ruby/4.0.5/include/ruby-4.0.0/ruby/backward -I/opt/homebrew/Cellar/ruby/4.0.5/include/ruby-4.0.0 -I. -I/opt/homebrew/Cellar/openssl@3/3.6.2/include -I/opt/homebrew/opt/libyaml/include -I/opt/homebrew/opt/openssl@3/include -D_XOPEN_SOURCE -D_DARWIN_C_SOURCE -D_DARWIN_UNLIMITED_SELECT -D_REENTRANT   -fstack-protector-strong -U_FORTIFY_SOURCE -D_FORTIFY_SOURCE=2 -fdeclspec  -O3 -fno-fast-math -ggdb3 -Wall -Wextra -Wextra-tokens -Wdeprecated-declarations -Wdivision-by-zero -Wdiv-by-zero -Wimplicit-function-declaration -Wimplicit-int -Wpointer-arith -Wshorten-64-to-32 -Wwrite-strings -Wold-style-definition -Wmissing-noreturn -Wno-cast-function-type -Wno-constant-logical-operand -Wno-long-long -Wno-missing-field-initializers -Wno-overlength-strings -Wno-parentheses-equality -Wno-self-assign -Wno-tautological-compare -Wno-unused-parameter -Wno-unused-value -Wunused-variable -Wmisleading-indentation -Wundef -fno-common -pipe  conftest.c -L. -L/opt/homebrew/Cellar/ruby/4.0.5/lib -L/opt/homebrew/opt/libyaml/lib -L/opt/homebrew/opt/openssl@3/lib -L. -fstack-protector-strong -L/opt/homebrew/Cellar/libyaml/0.2.5/lib -L/opt/homebrew/Cellar/openssl@3/3.6.2/lib -L/opt/homebrew/Cellar/openssl@3/3.6.2/lib  -arch arm64   -lssl -lcrypto -lruby.4.0  -lssl -lcrypto -lpthread  "
ld: warning: ignoring duplicate libraries: '-lcrypto', '-lssl'
checked program was:
/* begin */
 1: #include "ruby.h"
 2: 
 3: #include <openssl/ssl.h>
 4: 
 5: /*top*/
 6: extern int t(void);
 7: int main(int argc, char **argv)
 8: {
 9:   if (argc > 1000000) {
10:     int (* volatile tp)(void)=(int (*)(void))&t;
11:     printf("%d", (*tp)());
12:   }
13: 
14:   return !!argv[argc];
15: }
16: int t(void) { void ((*volatile p)()); p = (void ((*)()))SSL_get1_peer_certificate; return !p; }
/* end */

--------------------

